........................................................................ [ 32%]
........................................................................ [ 65%]
........................................................................ [ 97%]
.....                                                                    [100%]
221 passed in 10.72s
